src/app/[locale]/careers/page.tsx(76,21): error TS18046: 'j' is of type 'unknown'.
src/app/[locale]/careers/page.tsx(76,46): error TS18046: 'j' is of type 'unknown'.
src/app/[locale]/dashboard/page.tsx(54,53): error TS18046: 'leaderboardJson' is of type 'unknown'.
src/app/[locale]/notes/new/page.tsx(242,33): error TS18046: 'error' is of type 'unknown'.
src/app/[locale]/notes/new/page.tsx(284,33): error TS18046: 'err' is of type 'unknown'.
src/app/[locale]/notes/new/page.tsx(288,26): error TS18046: 'resData' is of type 'unknown'.
src/app/[locale]/teacher/page.tsx(75,17): error TS18046: 'result' is of type 'unknown'.
src/app/[locale]/teacher/page.tsx(76,33): error TS2345: Argument of type 'unknown' is not assignable to parameter of type 'SetStateAction<UploadResult | null>'.
src/app/[locale]/teacher/page.tsx(80,26): error TS18046: 'result' is of type 'unknown'.
src/app/[locale]/teacher/page.tsx(109,17): error TS18046: 'result' is of type 'unknown'.
src/app/[locale]/teacher/page.tsx(110,34): error TS2345: Argument of type 'unknown' is not assignable to parameter of type 'SetStateAction<ProcessResult | null>'.
src/app/[locale]/teacher/page.tsx(113,26): error TS18046: 'result' is of type 'unknown'.
src/app/api/ai/analyze/route.ts(17,17): error TS2339: Property 'text' does not exist on type 'unknown'.
src/app/api/auth/test-credentials/route.ts(7,13): error TS2339: Property 'email' does not exist on type 'unknown'.
src/app/api/auth/test-credentials/route.ts(7,20): error TS2339: Property 'password' does not exist on type 'unknown'.
src/app/api/career/onboarding/route.ts(71,17): error TS2339: Property 'sceneId' does not exist on type 'unknown'.
src/app/api/career/onboarding/route.ts(71,26): error TS2339: Property 'selections' does not exist on type 'unknown'.
src/app/api/career/profile/route.ts(79,13): error TS18046: 'body' is of type 'unknown'.
src/app/api/career/signal/route.ts(15,17): error TS2339: Property 'categoryId' does not exist on type 'unknown'.
src/app/api/career/signal/route.ts(15,29): error TS2339: Property 'sourceType' does not exist on type 'unknown'.
src/app/api/career/signal/route.ts(15,41): error TS2339: Property 'weight' does not exist on type 'unknown'.
src/app/api/career/signal/route.ts(15,49): error TS2339: Property 'signalData' does not exist on type 'unknown'.
src/app/api/career/signal/route.ts(15,61): error TS2339: Property 'sessionId' does not exist on type 'unknown'.
src/app/api/career/signal/route.ts(32,13): error TS18046: 'body' is of type 'unknown'.
src/app/api/career/signal/route.ts(51,29): error TS18046: 'body' is of type 'unknown'.
src/app/api/games/dungeon/start/route.ts(11,17): error TS2339: Property 'noteId' does not exist on type 'unknown'.
src/app/api/teacher/process-pdf/route.ts(116,17): error TS2339: Property 'extractedText' does not exist on type 'unknown'.
src/app/api/teacher/process-pdf/route.ts(116,32): error TS2339: Property 'title' does not exist on type 'unknown'.
src/app/api/teacher/process-pdf/route.ts(116,39): error TS2339: Property 'subject' does not exist on type 'unknown'.
src/app/api/user/update/route.ts(16,17): error TS2339: Property 'name' does not exist on type 'unknown'.
